Convert the following codebase analysis into structured JSON feature proposals. Transcribe every proposal the analysis writes out; do not add ideas it only mentioned, rejected, or put out of scope.

Output ONLY valid JSON matching this exact schema (no markdown fences, no surrounding text):

{
  "repository_overview": "A concise summary of what this repository is, its tech stack, architecture, and current state of maturity (3-5 sentences).",
  "proposals": [
    {
      "id": "",
      "priority": "HIGH|MEDIUM|LOW",
      "category": "feature|improvement|refactoring|testing|documentation|security|performance",
      "title": "the proposal's title",
      "description": "the proposal's description, including any Blocked by note",
      "motivation": "the proposal's motivation",
      "scope": "Small|Medium|Large",
      "affected_areas": ["path/to/relevant/file.go"],
      "acceptance_criteria": ["Criterion 1", "Criterion 2"]
    }
  ]
}

Field rules:
- "id": leave as empty string — it is assigned automatically.
- Copy every field the analysis states for a proposal. Where it states none, use an empty string or an empty array; never infer a path, a criterion, or a description the analysis did not write.
- "priority", "category", "scope": copy the stated value. When the analysis states none for a proposal, use MEDIUM, improvement, and Medium respectively.
- When the analysis says a feature proposal is blocked by another, keep that "Blocked by" note in the proposal's "description"; the schema has no separate field for it.
- If the analysis proposes nothing, return an empty proposals array.

<analysis-output>
The repo is a Go CLI. Suggestion: add golden tests for the prompt builders.

</analysis-output>