Convert the following wiki-reconciliation analysis into structured JSON. Include only the entries the analysis flagged as stale or redundant; omit entries it judged current.

Output ONLY valid JSON matching this exact schema (no markdown fences, no surrounding text):

{
  "entries": [
    {
      "path": "review_patterns/example.md",
      "kind": "pattern|memory",
      "classification": "stale|redundant",
      "reason": "Concise reason citing the concrete missing code reference (stale) or the duplication (redundant).",
      "superseded_by": "review_patterns/other.md (the superseding entry's path; empty for a stale entry)",
      "confidence": "verified|likely|uncertain"
    }
  ]
}

Use the entry's exact wiki path from the analysis (e.g. "review_patterns/no-raw-sql.md", "memory/decisions.md"). Set "kind" to "pattern" for a review_patterns/ entry and "memory" for a memory/ entry. Leave "superseded_by" empty unless the classification is "redundant". If the analysis flagged nothing, emit {"entries": []}.

<analysis-output>
Entry review_patterns/old.md references internal/db/legacy.go, which no longer exists.

</analysis-output>